------------------------------------------------------------
Timing Analyzer Summary
------------------------------------------------------------

Type  : Slow 1100mV 85C Model Setup 'U90|pll_de0cv_inst|altera_pll_i|general[1].gpll~PLL_OUTPUT_COUNTER|divclk'
Slack : 1.794
TNS   : 0.000

Type  : Slow 1100mV 85C Model Setup 'U90|pll_de0cv_inst|altera_pll_i|general[0].gpll~PLL_OUTPUT_COUNTER|divclk'
Slack : 18.566
TNS   : 0.000

Type  : Slow 1100mV 85C Model Hold 'U90|pll_de0cv_inst|altera_pll_i|general[0].gpll~PLL_OUTPUT_COUNTER|divclk'
Slack : 0.214
TNS   : 0.000

Type  : Slow 1100mV 85C Model Hold 'U90|pll_de0cv_inst|altera_pll_i|general[1].gpll~PLL_OUTPUT_COUNTER|divclk'
Slack : 0.443
TNS   : 0.000

Type  : Slow 1100mV 85C Model Recovery 'U90|pll_de0cv_inst|altera_pll_i|general[0].gpll~PLL_OUTPUT_COUNTER|divclk'
Slack : 38.857
TNS   : 0.000

Type  : Slow 1100mV 85C Model Removal 'U90|pll_de0cv_inst|altera_pll_i|general[0].gpll~PLL_OUTPUT_COUNTER|divclk'
Slack : 3.290
TNS   : 0.000

Type  : Slow 1100mV 85C Model Minimum Pulse Width 'U90|pll_de0cv_inst|altera_pll_i|general[0].gpll~FRACTIONAL_PLL|vcoph[0]'
Slack : 1.164
TNS   : 0.000

Type  : Slow 1100mV 85C Model Minimum Pulse Width 'U90|pll_de0cv_inst|altera_pll_i|general[1].gpll~PLL_OUTPUT_COUNTER|divclk'
Slack : 4.966
TNS   : 0.000

Type  : Slow 1100mV 85C Model Minimum Pulse Width 'CLOCK_50'
Slack : 9.731
TNS   : 0.000

Type  : Slow 1100mV 85C Model Minimum Pulse Width 'U90|pll_de0cv_inst|altera_pll_i|general[0].gpll~PLL_OUTPUT_COUNTER|divclk'
Slack : 21.868
TNS   : 0.000

Type  : Slow 1100mV 0C Model Setup 'U90|pll_de0cv_inst|altera_pll_i|general[1].gpll~PLL_OUTPUT_COUNTER|divclk'
Slack : 2.085
TNS   : 0.000

Type  : Slow 1100mV 0C Model Setup 'U90|pll_de0cv_inst|altera_pll_i|general[0].gpll~PLL_OUTPUT_COUNTER|divclk'
Slack : 18.686
TNS   : 0.000

Type  : Slow 1100mV 0C Model Hold 'U90|pll_de0cv_inst|altera_pll_i|general[0].gpll~PLL_OUTPUT_COUNTER|divclk'
Slack : 0.077
TNS   : 0.000

Type  : Slow 1100mV 0C Model Hold 'U90|pll_de0cv_inst|altera_pll_i|general[1].gpll~PLL_OUTPUT_COUNTER|divclk'
Slack : 0.469
TNS   : 0.000

Type  : Slow 1100mV 0C Model Recovery 'U90|pll_de0cv_inst|altera_pll_i|general[0].gpll~PLL_OUTPUT_COUNTER|divclk'
Slack : 38.957
TNS   : 0.000

Type  : Slow 1100mV 0C Model Removal 'U90|pll_de0cv_inst|altera_pll_i|general[0].gpll~PLL_OUTPUT_COUNTER|divclk'
Slack : 3.180
TNS   : 0.000

Type  : Slow 1100mV 0C Model Minimum Pulse Width 'U90|pll_de0cv_inst|altera_pll_i|general[0].gpll~FRACTIONAL_PLL|vcoph[0]'
Slack : 1.164
TNS   : 0.000

Type  : Slow 1100mV 0C Model Minimum Pulse Width 'U90|pll_de0cv_inst|altera_pll_i|general[1].gpll~PLL_OUTPUT_COUNTER|divclk'
Slack : 4.883
TNS   : 0.000

Type  : Slow 1100mV 0C Model Minimum Pulse Width 'CLOCK_50'
Slack : 9.741
TNS   : 0.000

Type  : Slow 1100mV 0C Model Minimum Pulse Width 'U90|pll_de0cv_inst|altera_pll_i|general[0].gpll~PLL_OUTPUT_COUNTER|divclk'
Slack : 21.824
TNS   : 0.000

Type  : Fast 1100mV 85C Model Setup 'U90|pll_de0cv_inst|altera_pll_i|general[1].gpll~PLL_OUTPUT_COUNTER|divclk'
Slack : 3.836
TNS   : 0.000

Type  : Fast 1100mV 85C Model Setup 'U90|pll_de0cv_inst|altera_pll_i|general[0].gpll~PLL_OUTPUT_COUNTER|divclk'
Slack : 20.438
TNS   : 0.000

Type  : Fast 1100mV 85C Model Hold 'U90|pll_de0cv_inst|altera_pll_i|general[0].gpll~PLL_OUTPUT_COUNTER|divclk'
Slack : 0.127
TNS   : 0.000

Type  : Fast 1100mV 85C Model Hold 'U90|pll_de0cv_inst|altera_pll_i|general[1].gpll~PLL_OUTPUT_COUNTER|divclk'
Slack : 0.177
TNS   : 0.000

Type  : Fast 1100mV 85C Model Recovery 'U90|pll_de0cv_inst|altera_pll_i|general[0].gpll~PLL_OUTPUT_COUNTER|divclk'
Slack : 42.749
TNS   : 0.000

Type  : Fast 1100mV 85C Model Removal 'U90|pll_de0cv_inst|altera_pll_i|general[0].gpll~PLL_OUTPUT_COUNTER|divclk'
Slack : 1.864
TNS   : 0.000

Type  : Fast 1100mV 85C Model Minimum Pulse Width 'U90|pll_de0cv_inst|altera_pll_i|general[0].gpll~FRACTIONAL_PLL|vcoph[0]'
Slack : 1.164
TNS   : 0.000

Type  : Fast 1100mV 85C Model Minimum Pulse Width 'U90|pll_de0cv_inst|altera_pll_i|general[1].gpll~PLL_OUTPUT_COUNTER|divclk'
Slack : 5.366
TNS   : 0.000

Type  : Fast 1100mV 85C Model Minimum Pulse Width 'CLOCK_50'
Slack : 9.336
TNS   : 0.000

Type  : Fast 1100mV 85C Model Minimum Pulse Width 'U90|pll_de0cv_inst|altera_pll_i|general[0].gpll~PLL_OUTPUT_COUNTER|divclk'
Slack : 22.162
TNS   : 0.000

Type  : Fast 1100mV 0C Model Setup 'U90|pll_de0cv_inst|altera_pll_i|general[1].gpll~PLL_OUTPUT_COUNTER|divclk'
Slack : 3.906
TNS   : 0.000

Type  : Fast 1100mV 0C Model Setup 'U90|pll_de0cv_inst|altera_pll_i|general[0].gpll~PLL_OUTPUT_COUNTER|divclk'
Slack : 20.746
TNS   : 0.000

Type  : Fast 1100mV 0C Model Hold 'U90|pll_de0cv_inst|altera_pll_i|general[0].gpll~PLL_OUTPUT_COUNTER|divclk'
Slack : 0.068
TNS   : 0.000

Type  : Fast 1100mV 0C Model Hold 'U90|pll_de0cv_inst|altera_pll_i|general[1].gpll~PLL_OUTPUT_COUNTER|divclk'
Slack : 0.168
TNS   : 0.000

Type  : Fast 1100mV 0C Model Recovery 'U90|pll_de0cv_inst|altera_pll_i|general[0].gpll~PLL_OUTPUT_COUNTER|divclk'
Slack : 42.924
TNS   : 0.000

Type  : Fast 1100mV 0C Model Removal 'U90|pll_de0cv_inst|altera_pll_i|general[0].gpll~PLL_OUTPUT_COUNTER|divclk'
Slack : 1.769
TNS   : 0.000

Type  : Fast 1100mV 0C Model Minimum Pulse Width 'U90|pll_de0cv_inst|altera_pll_i|general[0].gpll~FRACTIONAL_PLL|vcoph[0]'
Slack : 1.164
TNS   : 0.000

Type  : Fast 1100mV 0C Model Minimum Pulse Width 'U90|pll_de0cv_inst|altera_pll_i|general[1].gpll~PLL_OUTPUT_COUNTER|divclk'
Slack : 5.360
TNS   : 0.000

Type  : Fast 1100mV 0C Model Minimum Pulse Width 'CLOCK_50'
Slack : 9.286
TNS   : 0.000

Type  : Fast 1100mV 0C Model Minimum Pulse Width 'U90|pll_de0cv_inst|altera_pll_i|general[0].gpll~PLL_OUTPUT_COUNTER|divclk'
Slack : 22.164
TNS   : 0.000

------------------------------------------------------------
