------------------------------------------------------------
Timing Analyzer Summary
------------------------------------------------------------

Type  : Slow 1100mV 85C Model Setup 'U90|pll_de0cv_inst|altera_pll_i|general[1].gpll~PLL_OUTPUT_COUNTER|divclk'
Slack : 1.794
TNS   : 0.000

Type  : Slow 1100mV 85C Model Setup 'U90|pll_de0cv_inst|altera_pll_i|general[0].gpll~PLL_OUTPUT_COUNTER|divclk'
Slack : 18.699
TNS   : 0.000

Type  : Slow 1100mV 85C Model Hold 'U90|pll_de0cv_inst|altera_pll_i|general[0].gpll~PLL_OUTPUT_COUNTER|divclk'
Slack : 0.241
TNS   : 0.000

Type  : Slow 1100mV 85C Model Hold 'U90|pll_de0cv_inst|altera_pll_i|general[1].gpll~PLL_OUTPUT_COUNTER|divclk'
Slack : 0.458
TNS   : 0.000

Type  : Slow 1100mV 85C Model Recovery 'U90|pll_de0cv_inst|altera_pll_i|general[0].gpll~PLL_OUTPUT_COUNTER|divclk'
Slack : 38.113
TNS   : 0.000

Type  : Slow 1100mV 85C Model Removal 'U90|pll_de0cv_inst|altera_pll_i|general[0].gpll~PLL_OUTPUT_COUNTER|divclk'
Slack : 2.686
TNS   : 0.000

Type  : Slow 1100mV 85C Model Minimum Pulse Width 'U90|pll_de0cv_inst|altera_pll_i|general[0].gpll~FRACTIONAL_PLL|vcoph[0]'
Slack : 1.164
TNS   : 0.000

Type  : Slow 1100mV 85C Model Minimum Pulse Width 'U90|pll_de0cv_inst|altera_pll_i|general[1].gpll~PLL_OUTPUT_COUNTER|divclk'
Slack : 4.966
TNS   : 0.000

Type  : Slow 1100mV 85C Model Minimum Pulse Width 'CLOCK_50'
Slack : 9.731
TNS   : 0.000

Type  : Slow 1100mV 85C Model Minimum Pulse Width 'U90|pll_de0cv_inst|altera_pll_i|general[0].gpll~PLL_OUTPUT_COUNTER|divclk'
Slack : 21.864
TNS   : 0.000

Type  : Slow 1100mV 0C Model Setup 'U90|pll_de0cv_inst|altera_pll_i|general[1].gpll~PLL_OUTPUT_COUNTER|divclk'
Slack : 2.085
TNS   : 0.000

Type  : Slow 1100mV 0C Model Setup 'U90|pll_de0cv_inst|altera_pll_i|general[0].gpll~PLL_OUTPUT_COUNTER|divclk'
Slack : 18.727
TNS   : 0.000

Type  : Slow 1100mV 0C Model Hold 'U90|pll_de0cv_inst|altera_pll_i|general[0].gpll~PLL_OUTPUT_COUNTER|divclk'
Slack : 0.112
TNS   : 0.000

Type  : Slow 1100mV 0C Model Hold 'U90|pll_de0cv_inst|altera_pll_i|general[1].gpll~PLL_OUTPUT_COUNTER|divclk'
Slack : 0.484
TNS   : 0.000

Type  : Slow 1100mV 0C Model Recovery 'U90|pll_de0cv_inst|altera_pll_i|general[0].gpll~PLL_OUTPUT_COUNTER|divclk'
Slack : 38.170
TNS   : 0.000

Type  : Slow 1100mV 0C Model Removal 'U90|pll_de0cv_inst|altera_pll_i|general[0].gpll~PLL_OUTPUT_COUNTER|divclk'
Slack : 2.456
TNS   : 0.000

Type  : Slow 1100mV 0C Model Minimum Pulse Width 'U90|pll_de0cv_inst|altera_pll_i|general[0].gpll~FRACTIONAL_PLL|vcoph[0]'
Slack : 1.164
TNS   : 0.000

Type  : Slow 1100mV 0C Model Minimum Pulse Width 'U90|pll_de0cv_inst|altera_pll_i|general[1].gpll~PLL_OUTPUT_COUNTER|divclk'
Slack : 4.883
TNS   : 0.000

Type  : Slow 1100mV 0C Model Minimum Pulse Width 'CLOCK_50'
Slack : 9.741
TNS   : 0.000

Type  : Slow 1100mV 0C Model Minimum Pulse Width 'U90|pll_de0cv_inst|altera_pll_i|general[0].gpll~PLL_OUTPUT_COUNTER|divclk'
Slack : 21.824
TNS   : 0.000

Type  : Fast 1100mV 85C Model Setup 'U90|pll_de0cv_inst|altera_pll_i|general[1].gpll~PLL_OUTPUT_COUNTER|divclk'
Slack : 3.987
TNS   : 0.000

Type  : Fast 1100mV 85C Model Setup 'U90|pll_de0cv_inst|altera_pll_i|general[0].gpll~PLL_OUTPUT_COUNTER|divclk'
Slack : 20.695
TNS   : 0.000

Type  : Fast 1100mV 85C Model Hold 'U90|pll_de0cv_inst|altera_pll_i|general[0].gpll~PLL_OUTPUT_COUNTER|divclk'
Slack : 0.128
TNS   : 0.000

Type  : Fast 1100mV 85C Model Hold 'U90|pll_de0cv_inst|altera_pll_i|general[1].gpll~PLL_OUTPUT_COUNTER|divclk'
Slack : 0.164
TNS   : 0.000

Type  : Fast 1100mV 85C Model Recovery 'U90|pll_de0cv_inst|altera_pll_i|general[0].gpll~PLL_OUTPUT_COUNTER|divclk'
Slack : 42.301
TNS   : 0.000

Type  : Fast 1100mV 85C Model Removal 'U90|pll_de0cv_inst|altera_pll_i|general[0].gpll~PLL_OUTPUT_COUNTER|divclk'
Slack : 1.324
TNS   : 0.000

Type  : Fast 1100mV 85C Model Minimum Pulse Width 'U90|pll_de0cv_inst|altera_pll_i|general[0].gpll~FRACTIONAL_PLL|vcoph[0]'
Slack : 1.164
TNS   : 0.000

Type  : Fast 1100mV 85C Model Minimum Pulse Width 'U90|pll_de0cv_inst|altera_pll_i|general[1].gpll~PLL_OUTPUT_COUNTER|divclk'
Slack : 5.369
TNS   : 0.000

Type  : Fast 1100mV 85C Model Minimum Pulse Width 'CLOCK_50'
Slack : 9.336
TNS   : 0.000

Type  : Fast 1100mV 85C Model Minimum Pulse Width 'U90|pll_de0cv_inst|altera_pll_i|general[0].gpll~PLL_OUTPUT_COUNTER|divclk'
Slack : 22.161
TNS   : 0.000

Type  : Fast 1100mV 0C Model Setup 'U90|pll_de0cv_inst|altera_pll_i|general[1].gpll~PLL_OUTPUT_COUNTER|divclk'
Slack : 4.003
TNS   : 0.000

Type  : Fast 1100mV 0C Model Setup 'U90|pll_de0cv_inst|altera_pll_i|general[0].gpll~PLL_OUTPUT_COUNTER|divclk'
Slack : 20.943
TNS   : 0.000

Type  : Fast 1100mV 0C Model Hold 'U90|pll_de0cv_inst|altera_pll_i|general[0].gpll~PLL_OUTPUT_COUNTER|divclk'
Slack : 0.074
TNS   : 0.000

Type  : Fast 1100mV 0C Model Hold 'U90|pll_de0cv_inst|altera_pll_i|general[1].gpll~PLL_OUTPUT_COUNTER|divclk'
Slack : 0.169
TNS   : 0.000

Type  : Fast 1100mV 0C Model Recovery 'U90|pll_de0cv_inst|altera_pll_i|general[0].gpll~PLL_OUTPUT_COUNTER|divclk'
Slack : 42.521
TNS   : 0.000

Type  : Fast 1100mV 0C Model Removal 'U90|pll_de0cv_inst|altera_pll_i|general[0].gpll~PLL_OUTPUT_COUNTER|divclk'
Slack : 1.158
TNS   : 0.000

Type  : Fast 1100mV 0C Model Minimum Pulse Width 'U90|pll_de0cv_inst|altera_pll_i|general[0].gpll~FRACTIONAL_PLL|vcoph[0]'
Slack : 1.164
TNS   : 0.000

Type  : Fast 1100mV 0C Model Minimum Pulse Width 'U90|pll_de0cv_inst|altera_pll_i|general[1].gpll~PLL_OUTPUT_COUNTER|divclk'
Slack : 5.360
TNS   : 0.000

Type  : Fast 1100mV 0C Model Minimum Pulse Width 'CLOCK_50'
Slack : 9.286
TNS   : 0.000

Type  : Fast 1100mV 0C Model Minimum Pulse Width 'U90|pll_de0cv_inst|altera_pll_i|general[0].gpll~PLL_OUTPUT_COUNTER|divclk'
Slack : 22.163
TNS   : 0.000

------------------------------------------------------------
