------------------------------------------------------------
Timing Analyzer Summary
------------------------------------------------------------

Type  : Slow 1100mV 85C Model Setup 'U90|pll_de0cv_inst|altera_pll_i|general[1].gpll~PLL_OUTPUT_COUNTER|divclk'
Slack : 1.866
TNS   : 0.000

Type  : Slow 1100mV 85C Model Setup 'U90|pll_de0cv_inst|altera_pll_i|general[0].gpll~PLL_OUTPUT_COUNTER|divclk'
Slack : 19.784
TNS   : 0.000

Type  : Slow 1100mV 85C Model Hold 'U90|pll_de0cv_inst|altera_pll_i|general[0].gpll~PLL_OUTPUT_COUNTER|divclk'
Slack : 0.243
TNS   : 0.000

Type  : Slow 1100mV 85C Model Hold 'U90|pll_de0cv_inst|altera_pll_i|general[1].gpll~PLL_OUTPUT_COUNTER|divclk'
Slack : 0.485
TNS   : 0.000

Type  : Slow 1100mV 85C Model Recovery 'U90|pll_de0cv_inst|altera_pll_i|general[0].gpll~PLL_OUTPUT_COUNTER|divclk'
Slack : 38.952
TNS   : 0.000

Type  : Slow 1100mV 85C Model Removal 'U90|pll_de0cv_inst|altera_pll_i|general[0].gpll~PLL_OUTPUT_COUNTER|divclk'
Slack : 3.297
TNS   : 0.000

Type  : Slow 1100mV 85C Model Minimum Pulse Width 'U90|pll_de0cv_inst|altera_pll_i|general[0].gpll~FRACTIONAL_PLL|vcoph[0]'
Slack : 1.164
TNS   : 0.000

Type  : Slow 1100mV 85C Model Minimum Pulse Width 'U90|pll_de0cv_inst|altera_pll_i|general[1].gpll~PLL_OUTPUT_COUNTER|divclk'
Slack : 4.966
TNS   : 0.000

Type  : Slow 1100mV 85C Model Minimum Pulse Width 'CLOCK_50'
Slack : 9.731
TNS   : 0.000

Type  : Slow 1100mV 85C Model Minimum Pulse Width 'U90|pll_de0cv_inst|altera_pll_i|general[0].gpll~PLL_OUTPUT_COUNTER|divclk'
Slack : 21.864
TNS   : 0.000

Type  : Slow 1100mV 0C Model Setup 'U90|pll_de0cv_inst|altera_pll_i|general[1].gpll~PLL_OUTPUT_COUNTER|divclk'
Slack : 2.131
TNS   : 0.000

Type  : Slow 1100mV 0C Model Setup 'U90|pll_de0cv_inst|altera_pll_i|general[0].gpll~PLL_OUTPUT_COUNTER|divclk'
Slack : 19.794
TNS   : 0.000

Type  : Slow 1100mV 0C Model Hold 'U90|pll_de0cv_inst|altera_pll_i|general[0].gpll~PLL_OUTPUT_COUNTER|divclk'
Slack : 0.106
TNS   : 0.000

Type  : Slow 1100mV 0C Model Hold 'U90|pll_de0cv_inst|altera_pll_i|general[1].gpll~PLL_OUTPUT_COUNTER|divclk'
Slack : 0.450
TNS   : 0.000

Type  : Slow 1100mV 0C Model Recovery 'U90|pll_de0cv_inst|altera_pll_i|general[0].gpll~PLL_OUTPUT_COUNTER|divclk'
Slack : 39.033
TNS   : 0.000

Type  : Slow 1100mV 0C Model Removal 'U90|pll_de0cv_inst|altera_pll_i|general[0].gpll~PLL_OUTPUT_COUNTER|divclk'
Slack : 3.156
TNS   : 0.000

Type  : Slow 1100mV 0C Model Minimum Pulse Width 'U90|pll_de0cv_inst|altera_pll_i|general[0].gpll~FRACTIONAL_PLL|vcoph[0]'
Slack : 1.164
TNS   : 0.000

Type  : Slow 1100mV 0C Model Minimum Pulse Width 'U90|pll_de0cv_inst|altera_pll_i|general[1].gpll~PLL_OUTPUT_COUNTER|divclk'
Slack : 4.883
TNS   : 0.000

Type  : Slow 1100mV 0C Model Minimum Pulse Width 'CLOCK_50'
Slack : 9.741
TNS   : 0.000

Type  : Slow 1100mV 0C Model Minimum Pulse Width 'U90|pll_de0cv_inst|altera_pll_i|general[0].gpll~PLL_OUTPUT_COUNTER|divclk'
Slack : 21.823
TNS   : 0.000

Type  : Fast 1100mV 85C Model Setup 'U90|pll_de0cv_inst|altera_pll_i|general[1].gpll~PLL_OUTPUT_COUNTER|divclk'
Slack : 3.815
TNS   : 0.000

Type  : Fast 1100mV 85C Model Setup 'U90|pll_de0cv_inst|altera_pll_i|general[0].gpll~PLL_OUTPUT_COUNTER|divclk'
Slack : 21.164
TNS   : 0.000

Type  : Fast 1100mV 85C Model Hold 'U90|pll_de0cv_inst|altera_pll_i|general[0].gpll~PLL_OUTPUT_COUNTER|divclk'
Slack : 0.119
TNS   : 0.000

Type  : Fast 1100mV 85C Model Hold 'U90|pll_de0cv_inst|altera_pll_i|general[1].gpll~PLL_OUTPUT_COUNTER|divclk'
Slack : 0.196
TNS   : 0.000

Type  : Fast 1100mV 85C Model Recovery 'U90|pll_de0cv_inst|altera_pll_i|general[0].gpll~PLL_OUTPUT_COUNTER|divclk'
Slack : 42.747
TNS   : 0.000

Type  : Fast 1100mV 85C Model Removal 'U90|pll_de0cv_inst|altera_pll_i|general[0].gpll~PLL_OUTPUT_COUNTER|divclk'
Slack : 1.907
TNS   : 0.000

Type  : Fast 1100mV 85C Model Minimum Pulse Width 'U90|pll_de0cv_inst|altera_pll_i|general[0].gpll~FRACTIONAL_PLL|vcoph[0]'
Slack : 1.164
TNS   : 0.000

Type  : Fast 1100mV 85C Model Minimum Pulse Width 'U90|pll_de0cv_inst|altera_pll_i|general[1].gpll~PLL_OUTPUT_COUNTER|divclk'
Slack : 5.369
TNS   : 0.000

Type  : Fast 1100mV 85C Model Minimum Pulse Width 'CLOCK_50'
Slack : 9.336
TNS   : 0.000

Type  : Fast 1100mV 85C Model Minimum Pulse Width 'U90|pll_de0cv_inst|altera_pll_i|general[0].gpll~PLL_OUTPUT_COUNTER|divclk'
Slack : 22.161
TNS   : 0.000

Type  : Fast 1100mV 0C Model Setup 'U90|pll_de0cv_inst|altera_pll_i|general[1].gpll~PLL_OUTPUT_COUNTER|divclk'
Slack : 3.896
TNS   : 0.000

Type  : Fast 1100mV 0C Model Setup 'U90|pll_de0cv_inst|altera_pll_i|general[0].gpll~PLL_OUTPUT_COUNTER|divclk'
Slack : 21.386
TNS   : 0.000

Type  : Fast 1100mV 0C Model Hold 'U90|pll_de0cv_inst|altera_pll_i|general[0].gpll~PLL_OUTPUT_COUNTER|divclk'
Slack : 0.078
TNS   : 0.000

Type  : Fast 1100mV 0C Model Hold 'U90|pll_de0cv_inst|altera_pll_i|general[1].gpll~PLL_OUTPUT_COUNTER|divclk'
Slack : 0.187
TNS   : 0.000

Type  : Fast 1100mV 0C Model Recovery 'U90|pll_de0cv_inst|altera_pll_i|general[0].gpll~PLL_OUTPUT_COUNTER|divclk'
Slack : 42.923
TNS   : 0.000

Type  : Fast 1100mV 0C Model Removal 'U90|pll_de0cv_inst|altera_pll_i|general[0].gpll~PLL_OUTPUT_COUNTER|divclk'
Slack : 1.799
TNS   : 0.000

Type  : Fast 1100mV 0C Model Minimum Pulse Width 'U90|pll_de0cv_inst|altera_pll_i|general[0].gpll~FRACTIONAL_PLL|vcoph[0]'
Slack : 1.164
TNS   : 0.000

Type  : Fast 1100mV 0C Model Minimum Pulse Width 'U90|pll_de0cv_inst|altera_pll_i|general[1].gpll~PLL_OUTPUT_COUNTER|divclk'
Slack : 5.360
TNS   : 0.000

Type  : Fast 1100mV 0C Model Minimum Pulse Width 'CLOCK_50'
Slack : 9.286
TNS   : 0.000

Type  : Fast 1100mV 0C Model Minimum Pulse Width 'U90|pll_de0cv_inst|altera_pll_i|general[0].gpll~PLL_OUTPUT_COUNTER|divclk'
Slack : 22.162
TNS   : 0.000

------------------------------------------------------------
